[    0.000000] Linux version 4.15.0-64-generic (buildd@lgw01-amd64-038) (gcc version 7.4.0 (Ubuntu 7.4.0-1ubuntu1~18.04.1)) #73-Ubuntu SMP Thu Sep 12 13:16:13 UTC 2019 (Ubuntu 4.15.0-64.73-generic 4.15.18)
[    0.000000] Command line: BOOT_IMAGE=/boot/vmlinuz-4.15.0-64-generic root=LABEL=cloudimg-rootfs ro console=tty1 console=ttyS0
[    0.000000] KERNEL supported cpus:
[    0.000000]   Intel GenuineIntel
[    0.000000]   AMD AuthenticAMD
[    0.000000]   Centaur CentaurHauls
[    0.000000] x86/fpu: Supporting XSAVE feature 0x001: 'x87 floating point registers'
[    0.000000] x86/fpu: Supporting XSAVE feature 0x002: 'SSE registers'
[    0.000000] x86/fpu: Supporting XSAVE feature 0x004: 'AVX registers'
[    0.000000] x86/fpu: xstate_offset[2]:  576, xstate_sizes[2]:  256
[    0.000000] x86/fpu: Enabled xstate features 0x7, context size is 832 bytes, using 'standard' format.
[    0.000000] e820: BIOS-provided physical RAM map:
[    0.000000] BIOS-e820: [mem 0x0000000000000000-0x000000000009fbff] usable
[    0.000000] BIOS-e820: [mem 0x000000000009fc00-0x000000000009ffff] reserved
[    0.000000] BIOS-e820: [mem 0x00000000000f0000-0x00000000000fffff] reserved
[    0.000000] BIOS-e820: [mem 0x0000000000100000-0x000000003ffeffff] usable
[    0.000000] BIOS-e820: [mem 0x000000003fff0000-0x000000003fffffff] ACPI data
[    0.000000] BIOS-e820: [mem 0x00000000fec00000-0x00000000fec00fff] reserved
[    0.000000] BIOS-e820: [mem 0x00000000fee00000-0x00000000fee00fff] reserved
[    0.000000] BIOS-e820: [mem 0x00000000fffc0000-0x00000000ffffffff] reserved
[    0.000000] NX (Execute Disable) protection: active
[    0.000000] SMBIOS 2.5 present.
[    0.000000] DMI: innotek GmbH VirtualBox/VirtualBox, BIOS VirtualBox 12/01/2006
[    0.000000] Hypervisor detected: KVM
[    0.000000] e820: last_pfn = 0x3fff0 max_arch_pfn = 0x400000000
[    0.000000] MTRR: Disabled
[    0.000000] x86/PAT: MTRRs disabled, skipping PAT initialization too.
[    0.000000] CPU MTRRs all blank - virtualized system.
[    0.000000] x86/PAT: Configuration [0-7]: WB  WT  UC- UC  WB  WT  UC- UC  
[    0.000000] found SMP MP-table at [mem 0x0009fff0-0x0009ffff]
[    0.000000] Scanning 1 areas for low memory corruption
[    0.000000] RAMDISK: [mem 0x35a8b000-0x36d3cfff]
[    0.000000] ACPI: Early table checksum verification disabled
[    0.000000] ACPI: RSDP 0x00000000000E0000 000024 (v02 VBOX  )
[    0.000000] ACPI: XSDT 0x000000003FFF0030 00003C (v01 VBOX   VBOXXSDT 00000001 ASL  00000061)
[    0.000000] ACPI: FACP 0x000000003FFF00F0 0000F4 (v04 VBOX   VBOXFACP 00000001 ASL  00000061)
[    0.000000] ACPI: DSDT 0x000000003FFF0470 0022EA (v02 VBOX   VBOXBIOS 00000002 INTL 20100528)
[    0.000000] ACPI: FACS 0x000000003FFF0200 000040
[    0.000000] ACPI: FACS 0x000000003FFF0200 000040
[    0.000000] ACPI: APIC 0x000000003FFF0240 00005C (v02 VBOX   VBOXAPIC 00000001 ASL  00000061)
[    0.000000] ACPI: SSDT 0x000000003FFF02A0 0001CC (v01 VBOX   VBOXCPUT 00000002 INTL 20100528)
[    0.000000] No NUMA configuration found
[    0.000000] Faking a node at [mem 0x0000000000000000-0x000000003ffeffff]
[    0.000000] NODE_DATA(0) allocated [mem 0x3ffc5000-0x3ffeffff]
[    0.000000] kvm-clock: cpu 0, msr 0:3ff44001, primary cpu clock
[    0.000000] kvm-clock: Using msrs 4b564d01 and 4b564d00
[    0.000000] kvm-clock: using sched offset of 11118120806 cycles
[    0.000000] clocksource: kvm-clock: mask: 0xffffffffffffffff max_cycles: 0x1cd42e4dffb, max_idle_ns: 881590591483 ns
[    0.000000] Zone ranges:
[    0.000000]   DMA      [mem 0x0000000000001000-0x0000000000ffffff]
[    0.000000]   DMA32    [mem 0x0000000001000000-0x000000003ffeffff]
[    0.000000]   Normal   empty
[    0.000000]   Device   empty
[    0.000000] Movable zone start for each node
[    0.000000] Early memory node ranges
[    0.000000]   node   0: [mem 0x0000000000001000-0x000000000009efff]
[    0.000000]   node   0: [mem 0x0000000000100000-0x000000003ffeffff]
[    0.000000] Reserved but unavailable: 98 pages
[    0.000000] Initmem setup node 0 [mem 0x0000000000001000-0x000000003ffeffff]
[    0.000000] ACPI: PM-Timer IO Port: 0x4008
[    0.000000] IOAPIC[0]: apic_id 2, version 32, address 0xfec00000, GSI 0-23
[    0.000000] ACPI: INT_SRC_OVR (bus 0 bus_irq 0 global_irq 2 dfl dfl)
[    0.000000] ACPI: INT_SRC_OVR (bus 0 bus_irq 9 global_irq 9 low level)
[    0.000000] Using ACPI (MADT) for SMP configuration information
[    0.000000] smpboot: Allowing 2 CPUs, 0 hotplug CPUs
[    0.000000] PM: Registered nosave memory: [mem 0x00000000-0x00000fff]
[    0.000000] PM: Registered nosave memory: [mem 0x0009f000-0x0009ffff]
[    0.000000] PM: Registered nosave memory: [mem 0x000a0000-0x000effff]
[    0.000000] PM: Registered nosave memory: [mem 0x000f0000-0x000fffff]
[    0.000000] e820: [mem 0x40000000-0xfebfffff] available for PCI devices
[    0.000000] Booting paravirtualized kernel on KVM
[    0.000000] clocksource: refined-jiffies: mask: 0xffffffff max_cycles: 0xffffffff, max_idle_ns: 7645519600211568 ns
[    0.000000] random: get_random_bytes called from start_kernel+0x99/0x4fd with crng_init=0
[    0.000000] setup_percpu: NR_CPUS:8192 nr_cpumask_bits:2 nr_cpu_ids:2 nr_node_ids:1
[    0.000000] percpu: Embedded 46 pages/cpu s151552 r8192 d28672 u1048576
[    0.000000] PV qspinlock hash table entries: 256 (order: 0, 4096 bytes)
[    0.000000] Built 1 zonelists, mobility grouping on.  Total pages: 257913
[    0.000000] Policy zone: DMA32
[    0.000000] Kernel command line: BOOT_IMAGE=/boot/vmlinuz-4.15.0-64-generic root=LABEL=cloudimg-rootfs ro console=tty1 console=ttyS0
[    0.000000] Memory: 983440K/1048120K available (12300K kernel code, 2481K rwdata, 4172K rodata, 2436K init, 2384K bss, 64680K reserved, 0K cma-reserved)
[    0.000000] SLUB: HWalign=64, Order=0-3, MinObjects=0, CPUs=2, Nodes=1
[    0.000000] Kernel/User page tables isolation: enabled
[    0.000000] ftrace: allocating 39306 entries in 154 pages
[    0.004000] Hierarchical RCU implementation.
[    0.004000] 	RCU restricting CPUs from NR_CPUS=8192 to nr_cpu_ids=2.
[    0.004000] 	Tasks RCU enabled.
[    0.004000] RCU: Adjusting geometry for rcu_fanout_leaf=16, nr_cpu_ids=2
[    0.004000] NR_IRQS: 524544, nr_irqs: 440, preallocated irqs: 16
[    0.004000] Console: colour VGA+ 80x25
[    0.004000] console [tty1] enabled
[    0.004000] console [ttyS0] enabled
[    0.004000] ACPI: Core revision 20170831
[    0.004000] ACPI: 2 ACPI AML tables successfully acquired and loaded
[    0.004000] APIC: Switch to symmetric I/O mode setup
[    0.004000] x2apic enabled
[    0.004000] Switched APIC routing to physical x2apic.
[    0.004000] ..TIMER: vector=0x30 apic1=0 pin1=2 apic2=-1 pin2=-1
[    0.004004] tsc: Detected 1992.003 MHz processor
[    0.004946] Calibrating delay loop (skipped) preset value.. 3984.00 BogoMIPS (lpj=7968012)
[    0.005664] pid_max: default: 32768 minimum: 301
[    0.008030] Security Framework initialized
[    0.008871] Yama: becoming mindful.
[    0.009737] AppArmor: AppArmor initialized
[    0.012000] Dentry cache hash table entries: 131072 (order: 8, 1048576 bytes)
[    0.012056] Inode-cache hash table entries: 65536 (order: 7, 524288 bytes)
[    0.016011] Mount-cache hash table entries: 2048 (order: 2, 16384 bytes)
[    0.017374] Mountpoint-cache hash table entries: 2048 (order: 2, 16384 bytes)
[    0.020259] Last level iTLB entries: 4KB 64, 2MB 8, 4MB 8
[    0.021239] Last level dTLB entries: 4KB 64, 2MB 0, 4MB 0, 1GB 4
[    0.022440] Spectre V1 : Mitigation: usercopy/swapgs barriers and __user pointer sanitization
[    0.024000] Spectre V2 : Mitigation: Full generic retpoline
[    0.024001] Spectre V2 : Spectre v2 / SpectreRSB mitigation: Filling RSB on context switch
[    0.025602] Speculative Store Bypass: Vulnerable
[    0.026459] MDS: Vulnerable: Clear CPU buffers attempted, no microcode
[    0.028187] Freeing SMP alternatives memory: 36K
[    0.032000] smpboot: CPU0: Intel(R) Core(TM) i7-8550U CPU @ 1.80GHz (family: 0x6, model: 0x8e, stepping: 0xa)
[    0.032000] Performance Events: unsupported p6 CPU model 142 no PMU driver, software events only.
[    0.032033] Hierarchical SRCU implementation.
[    0.033411] NMI watchdog: Perf event create on CPU 0 failed with -2
[    0.034657] NMI watchdog: Perf NMI watchdog permanently disabled
[    0.036000] smp: Bringing up secondary CPUs ...
[    0.036074] x86: Booting SMP configuration:
[    0.036899] .... node  #0, CPUs:      #1
[    0.004000] kvm-clock: cpu 1, msr 0:3ff44041, secondary cpu clock
[    0.040018] smp: Brought up 1 node, 2 CPUs
[    0.041018] smpboot: Max logical packages: 1
[    0.044006] smpboot: Total of 2 processors activated (7968.01 BogoMIPS)
[    0.045423] devtmpfs: initialized
[    0.045423] x86/mm: Memory block size: 128MB
[    0.048078] evm: security.selinux
[    0.048702] evm: security.SMACK64
[    0.049417] evm: security.SMACK64EXEC
[    0.050150] evm: security.SMACK64TRANSMUTE
[    0.051155] evm: security.SMACK64MMAP
[    0.052000] evm: security.apparmor
[    0.052007] evm: security.ima
[    0.052855] evm: security.capability
[    0.053714] clocksource: jiffies: mask: 0xffffffff max_cycles: 0xffffffff, max_idle_ns: 7645041785100000 ns
[    0.056011] futex hash table entries: 512 (order: 3, 32768 bytes)
[    0.060000] pinctrl core: initialized pinctrl subsystem
[    0.060118] RTC time: 20:11:41, date: 09/28/19
[    0.061231] NET: Registered protocol family 16
[    0.064022] audit: initializing netlink subsys (disabled)
[    0.065052] audit: type=2000 audit(1569701513.757:1): state=initialized audit_enabled=0 res=1
[    0.065052] cpuidle: using governor ladder
[    0.065052] cpuidle: using governor menu
[    0.068062] ACPI: bus type PCI registered
[    0.069170] acpiphp: ACPI Hot Plug PCI Controller Driver version: 0.5
[    0.070801] PCI: Using configuration type 1 for base access
[    0.073108] HugeTLB registered 2.00 MiB page size, pre-allocated 0 pages
[    0.076085] ACPI: Added _OSI(Module Device)
[    0.077084] ACPI: Added _OSI(Processor Device)
[    0.077982] ACPI: Added _OSI(3.0 _SCP Extensions)
[    0.079036] ACPI: Added _OSI(Processor Aggregator Device)
[    0.080004] ACPI: Added _OSI(Linux-Dell-Video)
[    0.080879] ACPI: Added _OSI(Linux-Lenovo-NV-HDMI-Audio)
[    0.081950] ACPI: Added _OSI(Linux-HPI-Hybrid-Graphics)
[    0.084258] ACPI: Executed 1 blocks of module-level executable AML code
[    0.089524] ACPI: Interpreter enabled
[    0.090303] ACPI: (supports S0 S5)
[    0.091001] ACPI: Using IOAPIC for interrupt routing
[    0.092265] PCI: Using host bridge windows from ACPI; if necessary, use "pci=nocrs" and report a bug
[    0.094273] ACPI: Enabled 2 GPEs in block 00 to 07
[    0.102320] ACPI: PCI Root Bridge [PCI0] (domain 0000 [bus 00-ff])
[    0.103653] acpi PNP0A03:00: _OSC: OS supports [ASPM ClockPM Segments MSI]
[    0.104558] acpi PNP0A03:00: _OSC: not requesting OS control; OS requires [ExtendedConfig ASPM ClockPM MSI]
[    0.106416] acpi PNP0A03:00: fail to add MMCONFIG information, can't access extended PCI configuration space under this bridge.
[    0.108357] PCI host bridge to bus 0000:00
[    0.109268] pci_bus 0000:00: root bus resource [io  0x0000-0x0cf7 window]
[    0.112003] pci_bus 0000:00: root bus resource [io  0x0d00-0xffff window]
[    0.113463] pci_bus 0000:00: root bus resource [mem 0x000a0000-0x000bffff window]
[    0.115060] pci_bus 0000:00: root bus resource [mem 0x40000000-0xfdffffff window]
[    0.116003] pci_bus 0000:00: root bus resource [bus 00-ff]
[    0.120012] pci 0000:00:01.1: legacy IDE quirk: reg 0x10: [io  0x01f0-0x01f7]
[    0.121330] pci 0000:00:01.1: legacy IDE quirk: reg 0x14: [io  0x03f6]
[    0.122735] pci 0000:00:01.1: legacy IDE quirk: reg 0x18: [io  0x0170-0x0177]
[    0.124000] pci 0000:00:01.1: legacy IDE quirk: reg 0x1c: [io  0x0376]
[    0.140569] pci 0000:00:07.0: quirk: [io  0x4000-0x403f] claimed by PIIX4 ACPI
[    0.142147] pci 0000:00:07.0: quirk: [io  0x4100-0x410f] claimed by PIIX4 SMB
[    0.149166] ACPI: PCI Interrupt Link [LNKA] (IRQs 5 9 10 *11)
[    0.150885] ACPI: PCI Interrupt Link [LNKB] (IRQs 5 9 *10 11)
[    0.152138] ACPI: PCI Interrupt Link [LNKC] (IRQs 5 *9 10 11)
[    0.153432] ACPI: PCI Interrupt Link [LNKD] (IRQs 5 9 10 *11)
[    0.154904] SCSI subsystem initialized
[    0.156049] pci 0000:00:02.0: vgaarb: setting as boot VGA device
[    0.157077] pci 0000:00:02.0: vgaarb: VGA device added: decodes=io+mem,owns=io+mem,locks=none
[    0.158781] pci 0000:00:02.0: vgaarb: bridge control possible
[    0.160011] vgaarb: loaded
[    0.160627] ACPI: bus type USB registered
[    0.161525] usbcore: registered new interface driver usbfs
[    0.162662] usbcore: registered new interface driver hub
[    0.164016] usbcore: registered new device driver usb
[    0.165053] EDAC MC: Ver: 3.0.0
[    0.165053] PCI: Using ACPI for IRQ routing
[    0.165220] NetLabel: Initializing
[    0.168007] NetLabel:  domain hash size = 128
[    0.168867] NetLabel:  protocols = UNLABELED CIPSOv4 CALIPSO
[    0.170065] NetLabel:  unlabeled traffic allowed by default
[    0.172097] clocksource: Switched to clocksource kvm-clock
[    0.192616] VFS: Disk quotas dquot_6.6.0
[    0.193552] VFS: Dquot-cache hash table entries: 512 (order 0, 4096 bytes)
[    0.195422] AppArmor: AppArmor Filesystem Enabled
[    0.196851] pnp: PnP ACPI init
[    0.198861] pnp: PnP ACPI: found 3 devices
[    0.212495] clocksource: acpi_pm: mask: 0xffffff max_cycles: 0xffffff, max_idle_ns: 2085701024 ns
[    0.214659] NET: Registered protocol family 2
[    0.218964] TCP established hash table entries: 8192 (order: 4, 65536 bytes)
[    0.220510] TCP bind hash table entries: 8192 (order: 5, 131072 bytes)
[    0.221943] TCP: Hash tables configured (established 8192 bind 8192)
[    0.223372] UDP hash table entries: 512 (order: 2, 16384 bytes)
[    0.224891] UDP-Lite hash table entries: 512 (order: 2, 16384 bytes)
[    0.226497] NET: Registered protocol family 1
[    0.227544] pci 0000:00:00.0: Limiting direct PCI/PCI transfers
[    0.228968] pci 0000:00:01.0: Activating ISA DMA hang workarounds
[    0.230252] pci 0000:00:02.0: Video device with shadowed ROM at [mem 0x000c0000-0x000dffff]
[    0.232902] Unpacking initramfs...
[    0.544937] Freeing initrd memory: 19144K
[    0.545949] clocksource: tsc: mask: 0xffffffffffffffff max_cycles: 0x396d5809302, max_idle_ns: 881590667022 ns
[    0.547964] platform rtc_cmos: registered platform RTC device (no PNP device found)
[    0.549773] Scanning for low memory corruption every 60 seconds
[    0.551875] Initialise system trusted keyrings
[    0.552849] Key type blacklist registered
[    0.553770] workingset: timestamp_bits=36 max_order=18 bucket_order=0
[    0.555962] zbud: loaded
[    0.557164] squashfs: version 4.0 (2009/01/31) Phillip Lougher
[    0.558599] fuse init (API version 7.26)
[    0.562379] Key type asymmetric registered
[    0.563268] Asymmetric key parser 'x509' registered
[    0.564201] Block layer SCSI generic (bsg) driver version 0.4 loaded (major 246)
[    0.565829] io scheduler noop registered
[    0.566597] io scheduler deadline registered
[    0.567450] io scheduler cfq registered (default)
[    0.568896] ACPI: AC Adapter [AC] (on-line)
[    0.569856] input: Power Button as /devices/LNXSYSTM:00/LNXPWRBN:00/input/input0
[    0.572175] ACPI: Power Button [PWRF]
[    0.572963] input: Sleep Button as /devices/LNXSYSTM:00/LNXSLPBN:00/input/input1
[    0.574425] ACPI: Sleep Button [SLPF]
[    0.576412] ACPI: Battery Slot [BAT0] (battery present)
[    0.577521] Serial: 8250/16550 driver, 32 ports, IRQ sharing enabled
[    0.599610] 00:02: ttyS0 at I/O 0x3f8 (irq = 4, base_baud = 115200) is a 16550A
[    0.605711] Linux agpgart interface v0.103
[    0.608793] loop: module loaded
[    0.610449] scsi host0: ata_piix
[    0.611846] scsi host1: ata_piix
[    0.612620] ata1: PATA max UDMA/33 cmd 0x1f0 ctl 0x3f6 bmdma 0xd000 irq 14
[    0.613903] ata2: PATA max UDMA/33 cmd 0x170 ctl 0x376 bmdma 0xd008 irq 15
[    0.615934] libphy: Fixed MDIO Bus: probed
[    0.616907] tun: Universal TUN/TAP device driver, 1.6
[    0.617948] PPP generic driver version 2.4.2
[    0.618851] ehci_hcd: USB 2.0 'Enhanced' Host Controller (EHCI) Driver
[    0.620221] ehci-pci: EHCI PCI platform driver
[    0.621600] ehci-platform: EHCI generic platform driver
[    0.622714] ohci_hcd: USB 1.1 'Open' Host Controller (OHCI) Driver
[    0.623863] ohci-pci: OHCI PCI platform driver
[    0.624804] ohci-platform: OHCI generic platform driver
[    0.625863] uhci_hcd: USB Universal Host Controller Interface driver
[    0.627137] i8042: PNP: PS/2 Controller [PNP0303:PS2K,PNP0f03:PS2M] at 0x60,0x64 irq 1,12
[    0.629297] serio: i8042 KBD port at 0x60,0x64 irq 1
[    0.630320] serio: i8042 AUX port at 0x60,0x64 irq 12
[    0.631497] mousedev: PS/2 mouse device common for all mice
[    0.632885] input: AT Translated Set 2 keyboard as /devices/platform/i8042/serio0/input/input2
[    0.634885] rtc_cmos rtc_cmos: rtc core: registered rtc_cmos as rtc0
[    0.636229] rtc_cmos rtc_cmos: alarms up to one day, 114 bytes nvram
[    0.637455] i2c /dev entries driver
[    0.638225] device-mapper: uevent: version 1.0.3
[    0.639231] device-mapper: ioctl: 4.37.0-ioctl (2017-09-20) initialised: dm-devel@redhat.com
[    0.641103] ledtrig-cpu: registered to indicate activity on CPUs
[    0.642951] NET: Registered protocol family 10
[    0.648321] Segment Routing with IPv6
[    0.649190] NET: Registered protocol family 17
[    0.650369] Key type dns_resolver registered
[    0.651528] mce: Using 0 MCE banks
[    0.652661] RAS: Correctable Errors collector initialized.
[    0.654860] sched_clock: Marking stable (652635123, 0)->(942770428, -290135305)
[    0.657128] registered taskstats version 1
[    0.658101] Loading compiled-in X.509 certificates
[    0.662398] Loaded X.509 cert 'Build time autogenerated kernel key: 9ff85db0b1f72c0c954e4d2eaca5a9366845820b'
[    0.664598] zswap: loaded using pool lzo/zbud
[    0.670153] Key type big_key registered
[    0.670972] Key type trusted registered
[    0.673956] Key type encrypted registered
[    0.674959] AppArmor: AppArmor sha1 policy hashing enabled
[    0.676346] ima: No TPM chip found, activating TPM-bypass! (rc=-19)
[    0.677766] ima: Allocated hash algorithm: sha1
[    0.678849] evm: HMAC attrs: 0x1
[    0.679933]   Magic number: 3:861:195
[    0.681078] rtc_cmos rtc_cmos: setting system clock to 2019-09-28 20:11:42 UTC (1569701502)
[    0.683144] BIOS EDD facility v0.16 2004-Jun-25, 0 devices found
[    0.684379] EDD information not available.
[    0.784612] Freeing unused kernel image memory: 2436K
[    0.800623] Write protecting the kernel read-only data: 20480k
[    0.807552] Freeing unused kernel image memory: 2008K
[    0.812223] Freeing unused kernel image memory: 1972K
[    0.835240] x86/mm: Checked W+X mappings: passed, no W+X pages found.
[    0.838687] x86/mm: Checking user space page tables
[    0.848478] x86/mm: Checked W+X mappings: passed, no W+X pages found.
Loading, please wait...
starting version 237
[    0.927245] e1000: Intel(R) PRO/1000 Network Driver - version 7.3.21-k8-NAPI
[    0.928755] e1000: Copyright (c) 1999-2006 Intel Corporation.
[    0.951121] Fusion MPT base driver 3.04.20
[    0.952102] Copyright (c) 1999-2008 LSI Corporation
[    0.961718] AVX2 version of gcm_enc/dec engaged.
[    0.962849] AES CTR mode by8 optimization enabled
[    0.969163] Fusion MPT SPI Host driver 3.04.20
[    1.144302] input: ImExPS/2 Generic Explorer Mouse as /devices/platform/i8042/serio1/input/input4
[    1.374533] e1000 0000:00:03.0 eth0: (PCI:33MHz:32-bit) 02:ab:ce:93:e0:e3
[    1.376759] e1000 0000:00:03.0 eth0: Intel(R) PRO/1000 Network Connection
[    1.380393] mptbase: ioc0: Initiating bringup
[    1.382447] e1000 0000:00:03.0 enp0s3: renamed from eth0
[    1.557191] ioc0: LSI53C1030 A0: Capabilities={Initiator}
[    2.600698] scsi host2: ioc0: LSI53C1030 A0, FwRev=00000000h, Ports=1, MaxQ=256, IRQ=20
[    3.962904] scsi 2:0:0:0: Direct-Access     VBOX     HARDDISK         1.0  PQ: 0 ANSI: 5
[    4.070936] scsi target2:0:0: Beginning Domain Validation
[    4.083080] scsi target2:0:0: Domain Validation skipping write tests
[    4.087303] scsi target2:0:0: Ending Domain Validation
[    4.089632] scsi target2:0:0: asynchronous
[    4.092029] scsi 2:0:1:0: Direct-Access     VBOX     HARDDISK         1.0  PQ: 0 ANSI: 5
[    4.641439] scsi target2:0:1: Beginning Domain Validation
[    4.652968] random: fast init done
[    4.657227] scsi target2:0:1: Domain Validation skipping write tests
[    4.662678] scsi target2:0:1: Ending Domain Validation
[    4.667592] scsi target2:0:1: asynchronous
[    4.685376] random: systemd-udevd: uninitialized urandom read (16 bytes read)
[    4.687753] random: systemd-udevd: uninitialized urandom read (16 bytes read)
[    4.687861] sd 2:0:0:0: Attached scsi generic sg0 type 0
[    4.690095] random: systemd-udevd: uninitialized urandom read (16 bytes read)
[    4.694165] sd 2:0:0:0: [sda] 20971520 512-byte logical blocks: (10.7 GB/10.0 GiB)
[    4.694839] sd 2:0:1:0: [sdb] 20480 512-byte logical blocks: (10.5 MB/10.0 MiB)
[    4.698475] sd 2:0:1:0: Attached scsi generic sg1 type 0
[    4.698497] sd 2:0:0:0: [sda] Write Protect is off
[    4.699765] sd 2:0:1:0: [sdb] Write Protect is off
[    4.702699] sd 2:0:1:0: [sdb] Incomplete mode parameter data
[    4.702724] sd 2:0:0:0: [sda] Incomplete mode parameter data
[    4.704113] sd 2:0:1:0: [sdb] Assuming drive cache: write through
[    4.705555] sd 2:0:0:0: [sda] Assuming drive cache: write through
[    4.717350]  sda: sda1
[    4.720336] sd 2:0:0:0: [sda] Attached SCSI disk
[    4.733167] sd 2:0:1:0: [sdb] Attached SCSI disk
Begin: Loading essential drivers ... [    6.532107] raid6: sse2x1   gen() 12207 MB/s
[    6.580020] raid6: sse2x1   xor()  9297 MB/s
[    6.628668] raid6: sse2x2   gen() 15632 MB/s
[    6.676517] raid6: sse2x2   xor() 10438 MB/s
[    6.724356] raid6: sse2x4   gen() 13122 MB/s
[    6.772139] raid6: sse2x4   xor()  6178 MB/s
[    6.820979] raid6: avx2x1   gen() 20327 MB/s
[    6.869458] raid6: avx2x1   xor() 17417 MB/s
[    6.916626] raid6: avx2x2   gen() 11084 MB/s
[    6.964448] raid6: avx2x2   xor() 17736 MB/s
[    7.012262] raid6: avx2x4   gen() 31339 MB/s
[    7.061062] raid6: avx2x4   xor() 13671 MB/s
[    7.062449] raid6: using algorithm avx2x4 gen() 31339 MB/s
[    7.064048] raid6: .... xor() 13671 MB/s, rmw enabled
[    7.065652] raid6: using avx2x2 recovery algorithm
[    7.068679] xor: automatically using best checksumming function   avx       
[    7.071637] async_tx: api initialized (async)
done.
Begin: Running /scripts/init-premount ... done.
Begin: Mounting root file system ... Begin: Running /scripts/local-top ... done.
Begin: Running /scripts/local-premount ... [    7.142047] Btrfs loaded, crc32c=crc32c-intel
Scanning for Btrfs filesystems
done.
Warning: fsck not present, so skipping root file system
[    7.312670] EXT4-fs (sda1): mounted filesystem with ordered data mode. Opts: (null)
done.
Begin: Running /scripts/local-bottom ... done.
Begin: Running /scripts/init-bottom ... done.
[    8.403357] ip_tables: (C) 2000-2006 Netfilter Core Team
[    8.460652] systemd[1]: systemd 237 running in system mode. (+PAM +AUDIT +SELINUX +IMA +APPARMOR +SMACK +SYSVINIT +UTMP +LIBCRYPTSETUP +GCRYPT +GNUTLS +ACL +XZ +LZ4 +SECCOMP +BLKID +ELFUTILS +KMOD -IDN2 +IDN -PCRE2 default-hierarchy=hybrid)
[    8.486028] systemd[1]: Detected virtualization oracle.
[    8.490734] systemd[1]: Detected architecture x86-64.

Welcome to [1mUbuntu 18.04.3 LTS[0m!

[    8.514916] systemd[1]: Set hostname to <ubuntu>.
[    8.544346] systemd[1]: Initializing machine ID from random generator.
[    8.546303] systemd[1]: Installed transient /etc/machine-id file.
[   10.622115] systemd[1]: Reached target User and Group Name Lookups.
[[0;32m  OK  [0m] Reached target User and Group Name Lookups.
[   10.630900] systemd[1]: Reached target System Time Synchronized.
[[0;32m  OK  [0m] Reached target System Time Synchronized.
[   10.638838] systemd[1]: Started Forward Password Requests to Wall Directory Watch.
[[0;32m  OK  [0m] Started Forward Password Requests to Wall Directory Watch.
[   10.648844] systemd[1]: Reached target Swap.
[[0;32m  OK  [0m] Reached target Swap.
[[0;32m  OK  [0m] Created slice User and Session Slice.
[[0;32m  OK  [0m] Set up automount Arbitrary Executabâ€¦rmats File System Automount Point.
[[0;32m  OK  [0m] Created slice System Slice.
[[0;32m  OK  [0m] Created slice system-serial\x2dgetty.slice.
[[0;32m  OK  [0m] Listening on udev Control Socket.
[[0;32m  OK  [0m] Listening on LVM2 poll daemon socket.
[[0;32m  OK  [0m] Listening on Network Service Netlink Socket.
[[0;32m  OK  [0m] Listening on udev Kernel Socket.
[[0;32m  OK  [0m] Listening on Journal Socket (/dev/log).
[[0;32m  OK  [0m] Listening on Device-mapper event daemon FIFOs.
[[0;32m  OK  [0m] Listening on Syslog Socket.
[[0;32m  OK  [0m] Listening on Journal Socket.
         Starting Load Kernel Modules...
         Starting Create list of required stâ€¦ce nodes for the current kernel...
         Starting udev Coldplug all Devices...
         Mounting POSIX Message Queue File System...
         Mounting Huge Pages File System...
         Mounting Kernel Debug File System...
         Starting Uncomplicated firewall...
[   10.769644] Loading iSCSI transport class v2.0-870.
         Starting Set the console keyboard layout...
[[0;32m  OK  [0m] Listening on /dev/initctl Compatibility Named Pipe.
[[0;32m  OK  [0m] Listening on Journal Audit Socket.
         Starting Journal[   10.905722] iscsi: registered transport (tcp)
 Service...
         Starting Remount Root and Kernel File Systems...
[[0;32m  OK  [0m] Listening on LVM2 metadata daemon socket.
         Starting Monitoring of LVM2 mirrorsâ€¦ng dmeventd or progress polling...
[[0;32m  OK  [0m] Reached target Slices.
[[0;32m  OK  [0m] Started Create list of required staâ€¦vice nodes for the current kernel.
[[0;32m  OK  [0m] Mounted POSIX Message Queue File System.
[[0;32m  OK  [0m] Mounted Huge Pages File System.
[[0;32m  OK  [0m] Mounted Kernel Debug File System.
[[0;32m  OK  [0m] Started Uncomplicated firewall.
         Starting Create Static Device Nodes in /dev...
[[0;32m  OK  [0m] Started udev Coldplug all Devices.
[[0;32m  OK  [0m] Started Journal Service.
[   11.224831] iscsi: registered transport (iser)
[   11.229174] EXT4-fs (sda1): re-mounted. Opts: (null)
[[0;32m  OK  [0m] Started Load Kernel Modules.
[[0;32m  OK  [0m] Started Remount Root and Kernel File Systems.
         Starting Load/Save Random Seed...
         Starting Flush Journal to Persistent Storage...
         Mounting FUSE Control File System...
         Starting Apply Kernel Variables...
         Mounting Kernel Configuration File System...
[[0;32m  OK  [0m] Mounted FUSE Control File System.
[[0;32m  OK  [0m] Mounted Kernel Configuration File System.
[[0;32m  OK  [0m] Started Create Static Device Nodes in /dev.
         Starting udev Kernel Device Manager...
[   11.481312] systemd-journald[393]: Received request to flush runtime journal from PID 1
[[0;32m  OK  [0m] Started LVM2 metadata daemon.
[[0;32m  OK  [0m] Started Load/Save Random Seed.
[   11.875791] random: crng init done
[   11.876796] random: 7 urandom warning(s) missed due to ratelimiting
[[0;32m  OK  [0m] Started Flush Journal to Persistent Storage.
[[0;32m  OK  [0m] Started Apply Kernel Variables.
[[0;32m  OK  [0m] Started Monitoring of LVM2 mirrors,â€¦sing dmeventd or progress polling.
[[0;32m  OK  [0m] Started udev Kernel Device Manager.
[[0;32m  OK  [0m] Found device /dev/ttyS0.
[[0;32m  OK  [0m] Listening on Load/Save RF Kill Switch Status /dev/rfkill Watch.
[[0;32m  OK  [0m] Started Set the console keyboard layout.
[[0;32m  OK  [0m] Started Dispatch Password Requests to Console Directory Watch.
[[0;32m  OK  [0m] Reached target Local Encrypted Volumes.
[[0;32m  OK  [0m] Reached target Local File Systems (Pre).
[[0;32m  OK  [0m] Reached target Local File Systems.
         Starting Create Volatile Files and Directories...
         Starting Commit a transient machine-id on disk...
         Starting AppArmor initialization...
         Starting Tell Plymouth To Write Out Runtime Data...
         Starting ebtables ruleset management...
         Starting Set console font and keymap...
[[0;32m  OK  [0m] Started Commit a transient machine-id on disk.
[[0;32m  OK  [0m] Started Tell Plymouth To Write Out Runtime Data.
[[0;32m  OK  [0m] Started Set console font and keymap.
[[0;32m  OK  [0m] Started Create Volatile Files and Directories.
         Starting Update UTMP about System Boot/Shutdown...
[[0;32m  OK  [0m] Started Update UTMP about System Boot/Shutdown.
[[0;32m  OK  [0m] Started ebtables ruleset management.
[[0;32m  OK  [0m] Started AppArmor initialization.
         Starting Initial cloud-init job (pre-networking)...
[   22.596453] cloud-init[668]: Cloud-init v. 19.2-24-ge7881d5c-0ubuntu1~18.04.1 running 'init-local' at Sat, 28 Sep 2019 20:12:03 +0000. Up 21.64 seconds.
[[0;32m  OK  [0m] Started Initial cloud-init job (pre-networking).
[[0;32m  OK  [0m] Reached target Network (Pre).
         Starting Network Service...
[[0;32m  OK  [0m] Started Network Service.
         Starting Network Name Resolution...
         Starting Wait for Network to be Configured...
[[0;32m  OK  [0m] Started Network Name Resolution.
[[0;32m  OK  [0m] Reached target Network.
[[0;32m  OK  [0m] Reached target Host and Network Name Lookups.
[[0;32m  OK  [0m] Started Wait for Network to be Configured.
         Starting Initial cloud-init job (metadata service crawler)...
[   25.444337] cloud-init[790]: Cloud-init v. 19.2-24-ge7881d5c-0ubuntu1~18.04.1 running 'init' at Sat, 28 Sep 2019 20:12:06 +0000. Up 25.18 seconds.
[   25.445785] cloud-init[790]: ci-info: ++++++++++++++++++++++++++++++++++++++Net device info++++++++++++++++++++++++++++++++++++++
[   25.446922] cloud-init[790]: ci-info: +--------+------+----------------------------+---------------+--------+-------------------+
[   25.447857] cloud-init[790]: ci-info: | Device |  Up  |          Address           |      Mask     | Scope  |     Hw-Address    |
[   25.449327] cloud-init[790]: ci-info: +--------+------+----------------------------+---------------+--------+-------------------+
[   25.450952] cloud-init[790]: ci-info: | enp0s3 | True |         10.0.2.15          | 255.255.255.0 | global | 02:ab:ce:93:e0:e3 |
[   25.452564] cloud-init[790]: ci-info: | enp0s3 | True | fe80::ab:ceff:fe93:e0e3/64 |       .       |  link  | 02:ab:ce:93:e0:e3 |
[   25.454193] cloud-init[790]: ci-info: |   lo   | True |         127.0.0.1          |   255.0.0.0   |  host  |         .         |
[   25.455715] cloud-init[790]: ci-info: |   lo   | True |          ::1/128           |       .       |  host  |         .         |
[   25.457331] cloud-init[790]: ci-info: +--------+------+----------------------------+---------------+--------+-------------------+
[   25.458921] cloud-init[790]: ci-info: ++++++++++++++++++++++++++++Route IPv4 info+++++++++++++++++++++++++++++
[   25.472679] cloud-init[790]: ci-info: +-------+-------------+----------+-----------------+-----------+-------+
[   25.489071] cloud-init[790]: ci-info: | Route | Destination | Gateway  |     Genmask     | Interface | Flags |
[   25.500784] cloud-init[790]: ci-info: +-------+-------------+----------+-----------------+-----------+-------+
[   25.512612] cloud-init[790]: ci-info: |   0   |   0.0.0.0   | 10.0.2.2 |     0.0.0.0     |   enp0s3  |   UG  |
[   25.513665] cloud-init[790]: ci-info: |   1   |   10.0.2.0  | 0.0.0.0  |  255.255.255.0  |   enp0s3  |   U   |
[   25.529393] cloud-init[790]: ci-info: |   2   |   10.0.2.2  | 0.0.0.0  | 255.255.255.255 |   enp0s3  |   UH  |
[   25.540680] cloud-init[790]: ci-info: +-------+-------------+----------+-----------------+-----------+-------+
[   25.541965] cloud-init[790]: ci-info: +++++++++++++++++++Route IPv6 info+++++++++++++++++++
[   25.552339] cloud-init[790]: ci-info: +-------+-------------+---------+-----------+-------+
[   25.565598] cloud-init[790]: ci-info: | Route | Destination | Gateway | Interface | Flags |
[   25.566681] cloud-init[790]: ci-info: +-------+-------------+---------+-----------+-------+
[   25.576959] cloud-init[790]: ci-info: |   1   |  fe80::/64  |    ::   |   enp0s3  |   U   |
[   25.580133] cloud-init[790]: ci-info: |   3   |    local    |    ::   |   enp0s3  |   U   |
[   25.583127] cloud-init[790]: ci-info: |   4   |   ff00::/8  |    ::   |   enp0s3  |   U   |
[   25.585903] cloud-init[790]: ci-info: +-------+-------------+---------+-----------+-------+
[   27.605874] cloud-init[790]: Generating public/private rsa key pair.
[   27.620285] cloud-init[790]: Your identification has been saved in /etc/ssh/ssh_host_rsa_key.
[   27.632302] cloud-init[790]: Your public key has been saved in /etc/ssh/ssh_host_rsa_key.pub.
[   27.633327] cloud-init[790]: The key fingerprint is:
[   27.644737] cloud-init[790]: SHA256:9vPS0dz5Qf2DZzM2hCJEOF/FGBJ5KhoZhWwrEX+Ef2A root@ubuntu-bionic
[   27.656379] cloud-init[790]: The key's randomart image is:
[   27.656997] cloud-init[790]: +---[RSA 2048]----+
[   27.668228] cloud-init[790]: |   .o +oo+o.=.   |
[[0;32m  OK  [0m] Started Initial cloud-init job (metadata service crawler).
[   27.684713] cloud-init[790]: |   ..*.E o.+ .   |
[   27.697551] cloud-init[790]: |    o.*.= +   . .|
[[0;32m  OK  [0m] Reached target Cloud-config availability.
[   27.709427] cloud-init[790]: |   . +.o = . . o.|
[[   27.721193] [0;32m  OK  [0mcloud-init] [790]: |    . o S . .o+.o|
[   27.721410] cloud-init[790]: |     . . .  ..o@o|
Reached target Network is Online.
[   27.721653] cloud-init[790]: |          o. .+ B|
[   27.721789] cloud-init[790]: |          .o.   .|
[   27.722677] cloud-init[790]: |           ..    |
[   27.723361] cloud-init[790]: +----[SHA256]-----+
[   27.726615] cloud-init[790]: Generating public/private dsa key pair.
[   27.727841] cloud-init[790]: Your identification has been saved in /etc/ssh/ssh_host_dsa_key.
[   27.729482] cloud-init[790]: Your public key has been saved in /etc/ssh/ssh_host_dsa_key.pub.
[[0;32m  OK  [0m] Reached target Remote File Systems (Pre).
[   27.731133] cloud-init[790]: The key fingerprint is:
[[   27.741171] [0;32m  OK  [0mcloud-init] [790]: Reached target Remote File Systems.SHA256:RQvi80OgWzrvkKk8PlgPFxOR4mgNAv06+WVaYYm1rjM root@ubuntu-bionic

[   27.743110] cloud-init[790]: The key's randomart image is:
         [   27.756278] Starting Availability of block devices...cloud-init
[790]: +---[DSA 1024]----+
[   27.756437] cloud-init[790]: |o.  .oo . .      |
[[   27.757876] [0;32m  OK  [0mcloud-init] [790]: Reached target System Initialization.|..o oo.o o .     |

[   27.759375] cloud-init[790]: |.ooo.++o. o      |
[   27.760534] cloud-init[790]: |....=+=+ .       |
[   27.761390] cloud-init[790]: |.  o+= .S        |
[   27.762040] cloud-init[790]: |  * .==  .       |
[   27.762610] cloud-init[790]: | o *+*.          |
         [   27.773126] Starting Socket activation for snappy daemon.cloud-init
[790]: |..o.Eo           |
[[   27.774083] [0;32m  OK  [0mcloud-init] [790]: Started Daily apt download activities.| .+o o.          |

[   27.775005] cloud-init[790]: +----[SHA256]-----+
[[   27.775092] [0;32m  OK  [0mcloud-init] [790]: Listening on UUID daemon activation socket.Generating public/private ecdsa key pair.

[   27.775243] cloud-init[790]: Your identification has been saved in /etc/ssh/ssh_host_ecdsa_key.
[   27.778247] cloud-init[790]: Your public key has been saved in /etc/ssh/ssh_host_ecdsa_key.pub.
[   27.778371] cloud-init[790]: The key fingerprint is:
[   27.778968] cloud-init[790]: SHA256:6ZFjL121kmikT5N+WeYbsFRSnsgywzRz2a3BXlxdCJA root@ubuntu-bionic
[   27.779518] cloud-init[790]: The key's randomart image is:
[   27.780312] cloud-init[790]: +---[ECDSA 256]---+
[   27.780873] cloud-init[790]: |          =oo=.+*|
[   27.781411] cloud-init[790]: |         oE=.+=.=|
[   27.781985] cloud-init[790]: |          * +.=+ |
[   27.782564] cloud-init[790]: |         = * =o. |
[   27.783108] cloud-init[790]: |        S * * +  |
[   27.783680] cloud-init[790]: |       o X + O   |
[   27.784640] cloud-init[790]: |        o = + o  |
[   27.785170] cloud-init[790]: |         . .   o |
[   27.785737] cloud-init[790]: |              .  |
[   27.786258] cloud-init[790]: +----[SHA256]-----+
[   27.786554] cloud-init[790]: Generating public/private ed25519 key pair.
[   27.787104] cloud-init[790]: Your identification has been saved in /etc/ssh/ssh_host_ed25519_key.
[   27.787863] cloud-init[790]: Your public key has been saved in /etc/ssh/ssh_host_ed25519_key.pub.
[   27.788769] cloud-init[790]: The key fingerprint is:
[   27.789289] cloud-init[790]: SHA256:McokjFiTFLTisDuWNSSxRHit6xtwBJFtWr5Vjw+YIaM root@ubuntu-bionic
[   27.789451] cloud-init[790]: The key's randomart image is:
[   27.789992] cloud-init[790]: +--[ED25519 256]--+
[   27.790563] cloud-init[790]: |=X*+             |
[   27.791090] cloud-init[790]: |++@=o .          |
[   27.791641] cloud-init[790]: |+X+=o=.oo        |
[   27.792396] cloud-init[790]: |E+= ++o..o       |
[   27.792916] cloud-init[790]: |o..*  ooS        |
[   27.793477] cloud-init[790]: | += .   .        |
[   27.794004] cloud-init[790]: |o+.              |
[   27.794559] cloud-init[790]: |....             |
[   27.795105] cloud-init[790]: |  ..             |
[   27.795642] cloud-init[790]: +----[SHA256]-----+
[[0;32m  OK  [0m] Listening on ACPID Listen Socket.
[[0;32m  OK  [0m] Listening on D-Bus System Message Bus Socket.
[[0;32m  OK  [0m] Started Daily Cleanup of Temporary Directories.
[[0;32m  OK  [0m] Started Message of the Day.
[[0;32m  OK  [0m] Started Discard unused blocks once a week.
[[0;32m  OK  [0m] Listening on Open-iSCSI iscsid Socket.
         Starting LXD - unix socket.
[[0;32m  OK  [0m] Started Daily apt upgrade and clean activities.
[[0;32m  OK  [0m] Reached target Timers.
[[0;32m  OK  [0m] Started ACPI Events Check.
[[0;32m  OK  [0m] Reached target Paths.
[[0;32m  OK  [0m] Started Availability of block devices.
[[0;32m  OK  [0m] Listening on Socket activation for snappy daemon.
[[0;32m  OK  [0m] Listening on LXD - unix socket.
[[0;32m  OK  [0m] Reached target Sockets.
[[0;32m  OK  [0m] Reached target Basic System.
[[0;32m  OK  [0m] Started irqbalance daemon.
         Starting Pollinate to seed the pseudo random number generator...
         Starting LXD - container startup/shutdown...
[[0;32m  OK  [0m] Started Deferred execution scheduler.
         Starting Permit User Sessions...
         Starting Virtualbox guest utils...
         Starting Accounts Service...
         Starting LSB: automatic crash report generation...
[[0;32m  OK  [0m] Started Regular background program processing daemon.
[[0;32m  OK  [0m] Started D-Bus System Message Bus.
         Starting Login Service...
         Starting System Logging Service...
         Starting Dispatcher daemon for systemd-networkd...
[[0;32m  OK  [0m] Started FUSE filesystem for LXC.
         Starting Snappy daemon...
         Starting LSB: Record successful boot for GRUB...
[[0;32m  OK  [0m] Started Permit User Sessions.
         Starting Hold until boot process finishes up...
         Starting Terminate Plymouth Boot Screen...
[[0;32m  OK  [0m] Started Hold until boot process finishes up.
[[0;32m  OK  [0m] Started Serial Getty on ttyS0.
         Starting Set console scheme...
[[0;32m  OK  [0m] Started Terminate Plymouth Boot Screen.
[[0;32m  OK  [0m] Started Login Service.
[[0;32m  OK  [0m] Started Unattended Upgrades Shutdown.
         Starting Authorization Manager...
[[0;32m  OK  [0m] Started Set console scheme.
[[0;32m  OK  [0m] Created slice system-getty.slice.
[[0;32m  OK  [0m] Started Getty on tty1.
[[0;32m  OK  [0m] Reached target Login Prompts.
[[0;32m  OK  [0m] Started LSB: automatic crash report generation.
[[0;32m  OK  [0m] Started Authorization Manager.
[[0;32m  OK  [0m] Started Accounts Service.
[[0;32m  OK  [0m] Started LSB: Record successful boot for GRUB.
[[0;32m  OK  [0m] Started System Logging Service.
[[0;32m  OK  [0m] Started Virtualbox guest utils.
[[0;32m  OK  [0m] Started Dispatcher daemon for systemd-networkd.
[[0;32m  OK  [0m] Started LXD - container startup/shutdown.
[[0;32m  OK  [0m] Started Pollinate to seed the pseudo random number generator.
         Starting OpenBSD Secure Shell server...
[[0;32m  OK  [0m] Started Snappy daemon.
         Starting Wait until snapd is fully seeded...
[[0;32m  OK  [0m] Started OpenBSD Secure Shell server.
[[0;32m  OK  [0m] Created slice User Slice of vagrant.
         Starting User Manager for UID 1000...
[[0;32m  OK  [0m] Started Session 1 of user vagrant.
[[0;32m  OK  [0m] Started User Manager for UID 1000.

Ubuntu 18.04.3 LTS ubuntu-bionic ttyS0

ubuntu-bionic login: [   39.468883] cloud-init[1477]: Cloud-init v. 19.2-24-ge7881d5c-0ubuntu1~18.04.1 running 'modules:config' at Sat, 28 Sep 2019 20:12:19 +0000. Up 38.01 seconds.
ci-info: no authorized ssh keys fingerprints found for user ubuntu.
<14>Sep 28 20:12:22 ec2: 
<14>Sep 28 20:12:22 ec2: #############################################################
<14>Sep 28 20:12:22 ec2: -----BEGIN SSH HOST KEY FINGERPRINTS-----
<14>Sep 28 20:12:22 ec2: 1024 SHA256:RQvi80OgWzrvkKk8PlgPFxOR4mgNAv06+WVaYYm1rjM root@ubuntu-bionic (DSA)
<14>Sep 28 20:12:22 ec2: 256 SHA256:6ZFjL121kmikT5N+WeYbsFRSnsgywzRz2a3BXlxdCJA root@ubuntu-bionic (ECDSA)
<14>Sep 28 20:12:22 ec2: 256 SHA256:McokjFiTFLTisDuWNSSxRHit6xtwBJFtWr5Vjw+YIaM root@ubuntu-bionic (ED25519)
<14>Sep 28 20:12:22 ec2: 2048 SHA256:9vPS0dz5Qf2DZzM2hCJEOF/FGBJ5KhoZhWwrEX+Ef2A root@ubuntu-bionic (RSA)
<14>Sep 28 20:12:22 ec2: -----END SSH HOST KEY FINGERPRINTS-----
<14>Sep 28 20:12:22 ec2: #############################################################
-----BEGIN SSH HOST KEY KEYS-----
ecdsa-sha2-nistp256 AAAAE2VjZHNhLXNoYTItbmlzdHAyNTYAAAAIbmlzdHAyNTYAAABBBNhtf6QgusNJPoyNnwT/zgoBc9JJckCONnHgBBeXGS2hMxSZWIuDcpiryBPfQo6AEbZXgEdGaognDjhQrLmSCT0= root@ubuntu-bionic
ssh-ed25519 AAAAC3NzaC1lZDI1NTE5AAAAIFeNJohVpstuRoyqFN9JRWau64nIvDIfdjlARPjBSuzc root@ubuntu-bionic
ssh-rsa AAAAB3NzaC1yc2EAAAADAQABAAABAQC7m5/6pndV94TIwXJP44rl3gtIbWP+dTapn7Jq5yT8DapVFDRryo/IpxnHn12ejVZRemzLcZ+sDq9k9xZ3pZ5C8aBX4SDHOHOYd+FmHAOH5kAeCrEQPHcBbNC2CGgcDYXcZAkufvjCLo7VNKWpl9BD6Y0XdrmoJ6Y98UkeuFvF6QAd5rrhcwWq0g/xiN/3ifOwVO2/0/E4LrdAQZyxir20986Yzq4YV9OfvxMmbsP8+S5zHkQRvj4NGz1ErBsP6/jZfgSXclWaAymn5KII/9X3QbQgZf8NHuQQQtfWeBccg9lb/9QgRb4orQLR9699RzBGiw9KeWztfglJqNnEbn3h root@ubuntu-bionic
-----END SSH HOST KEY KEYS-----
[   40.463423] cloud-init[1643]: Cloud-init v. 19.2-24-ge7881d5c-0ubuntu1~18.04.1 running 'modules:final' at Sat, 28 Sep 2019 20:12:21 +0000. Up 40.14 seconds.
[   40.463519] cloud-init[1643]: ci-info: no authorized ssh keys fingerprints found for user ubuntu.
[   40.464068] cloud-init[1643]: Cloud-init v. 19.2-24-ge7881d5c-0ubuntu1~18.04.1 finished at Sat, 28 Sep 2019 20:12:22 +0000. Datasource DataSourceNoCloud [seed=/dev/sdb][dsmode=net].  Up 40.45 seconds
